{"u_token":"ABWqdvtoBss4AbYdVeWLjioiSlkOoJ3u","part_number":"ESP32-DEVKITC","manufacturer":"Olimex LTD","mode":"place-part","plugin":".snap","source":"https://www.snapeda.com"}